// Jest Snapshot v1, https://goo.gl/fbAQLP

exports[`ColorContainer should match the snapshot  1`] = `
<section
  className="color-container"
>
  <ColorCard
    colorInfo={
      Object {
        "color": "#cecccc",
        "isLocked": false,
      }
    }
    key="#cecccc"
    toggleLock={[MockFunction]}
  />
</section>
`;
